// Jest Snapshot v1, https://goo.gl/fbAQLP

exports[`SearchInput Component renders correctly 1`] = `
ShallowWrapper {
  "length": 1,
  Symbol(enzyme.__root__): [Circular],
  Symbol(enzyme.__unrendered__): <SearchInput />,
  Symbol(enzyme.__renderer__): Object {
    "batchedUpdates": [Function],
    "getNode": [Function],
    "render": [Function],
    "simulateEvent": [Function],
    "unmount": [Function],
  },
  Symbol(enzyme.__node__): Object {
    "instance": null,
    "key": undefined,
    "nodeType": "host",
    "props": Object {
      "children": <div
        className="flex flex-col mb-4 md:w-full"
>
        <label
                className="mb-2 uppercase font-bold text-lg text-grey-darkest"
                htmlFor="search-input"
        >
                Search input:
        </label>
        <input
                className="field"
                id="search"
                name="search"
                type="text"
        />
</div>,
      "className": "mb-4",
      "onChange": undefined,
    },
    "ref": null,
    "rendered": Object {
      "instance": null,
      "key": undefined,
      "nodeType": "host",
      "props": Object {
        "children": Array [
          <label
            className="mb-2 uppercase font-bold text-lg text-grey-darkest"
            htmlFor="search-input"
>
            Search input:
</label>,
          <input
            className="field"
            id="search"
            name="search"
            type="text"
/>,
        ],
        "className": "flex flex-col mb-4 md:w-full",
      },
      "ref": null,
      "rendered": Array [
        Object {
          "instance": null,
          "key": undefined,
          "nodeType": "host",
          "props": Object {
            "children": "Search input:",
            "className": "mb-2 uppercase font-bold text-lg text-grey-darkest",
            "htmlFor": "search-input",
          },
          "ref": null,
          "rendered": "Search input:",
          "type": "label",
        },
        Object {
          "instance": null,
          "key": undefined,
          "nodeType": "host",
          "props": Object {
            "className": "field",
            "id": "search",
            "name": "search",
            "type": "text",
          },
          "ref": null,
          "rendered": null,
          "type": "input",
        },
      ],
      "type": "div",
    },
    "type": "form",
  },
  Symbol(enzyme.__nodes__): Array [
    Object {
      "instance": null,
      "key": undefined,
      "nodeType": "host",
      "props": Object {
        "children": <div
          className="flex flex-col mb-4 md:w-full"
>
          <label
                    className="mb-2 uppercase font-bold text-lg text-grey-darkest"
                    htmlFor="search-input"
          >
                    Search input:
          </label>
          <input
                    className="field"
                    id="search"
                    name="search"
                    type="text"
          />
</div>,
        "className": "mb-4",
        "onChange": undefined,
      },
      "ref": null,
      "rendered": Object {
        "instance": null,
        "key": undefined,
        "nodeType": "host",
        "props": Object {
          "children": Array [
            <label
              className="mb-2 uppercase font-bold text-lg text-grey-darkest"
              htmlFor="search-input"
>
              Search input:
</label>,
            <input
              className="field"
              id="search"
              name="search"
              type="text"
/>,
          ],
          "className": "flex flex-col mb-4 md:w-full",
        },
        "ref": null,
        "rendered": Array [
          Object {
            "instance": null,
            "key": undefined,
            "nodeType": "host",
            "props": Object {
              "children": "Search input:",
              "className": "mb-2 uppercase font-bold text-lg text-grey-darkest",
              "htmlFor": "search-input",
            },
            "ref": null,
            "rendered": "Search input:",
            "type": "label",
          },
          Object {
            "instance": null,
            "key": undefined,
            "nodeType": "host",
            "props": Object {
              "className": "field",
              "id": "search",
              "name": "search",
              "type": "text",
            },
            "ref": null,
            "rendered": null,
            "type": "input",
          },
        ],
        "type": "div",
      },
      "type": "form",
    },
  ],
  Symbol(enzyme.__options__): Object {
    "adapter": ReactSixteenAdapter {
      "options": Object {
        "enableComponentDidUpdateOnSetState": true,
      },
    },
  },
}
`;
